2026-01-29 21:29:48,649 - INFO - ============================================================
2026-01-29 21:29:48,649 - INFO - ЗАПУСК ИНКРЕМЕНТАЛЬНОГО ОБНОВЛЕНИЯ 2026-01-29 21:29:48
2026-01-29 21:29:48,649 - INFO - Корень проекта: C:\Users\prog\YandexDisk\prog\abscur3
2026-01-29 21:29:48,649 - INFO - Логи будут сохранены в: C:\Users\prog\YandexDisk\prog\abscur3\scripts\daily_update\logs\update_20260129_212948.log
2026-01-29 21:29:48,649 - INFO - Файл состояния: C:\Users\prog\YandexDisk\prog\abscur3\data\metadata\update_state.json
2026-01-29 21:29:48,649 - INFO - Загружено 3 валютных пар
2026-01-29 21:29:48,649 - INFO - Список пар случайно перемешан
2026-01-29 21:29:48,649 - INFO - Предварительная проверка пар...
2026-01-29 21:29:48,753 - INFO - Из 3 пар требуется обновление для 3
2026-01-29 21:29:48,754 - INFO - Начинаю обработку 3 пар в 1 батчах по 7
2026-01-29 21:29:48,754 - INFO - Ожидаемое время: ~1 минут
2026-01-29 21:29:48,754 - INFO - --- Батч 1/1 ---
2026-01-29 21:29:48,754 - INFO - --- Начинаю обновление для USD/RUB ---
2026-01-29 21:29:49,345 - INFO - Сохранено 5609 записей для USD/RUB: добавлено 23 новых, обновлено 6 существующих
2026-01-29 21:29:49,345 - INFO - Обновление USD/RUB завершено: добавлено 23 новых записей
2026-01-29 21:29:49,345 - INFO - --- Начинаю обновление для GBP/USD ---
2026-01-29 21:29:51,596 - INFO - Сохранено 5804 записей для GBP/USD: добавлено 23 новых, обновлено 6 существующих
2026-01-29 21:29:51,598 - INFO - Обновление GBP/USD завершено: добавлено 23 новых записей
2026-01-29 21:29:51,598 - INFO - --- Начинаю обновление для EUR/USD ---
2026-01-29 21:29:52,010 - INFO - Сохранено 5781 записей для EUR/USD: добавлено 23 новых, обновлено 6 существующих
2026-01-29 21:29:52,010 - INFO - Обновление EUR/USD завершено: добавлено 23 новых записей
2026-01-29 21:29:52,010 - INFO - Батч 1 обработан за 3.3 сек.
2026-01-29 21:29:52,012 - INFO - ============================================================
2026-01-29 21:29:52,012 - INFO - ИНКРЕМЕНТАЛЬНОЕ ОБНОВЛЕНИЕ ЗАВЕРШЕНО
2026-01-29 21:29:52,012 - INFO - Всего обработано пар: 3
2026-01-29 21:29:52,012 - INFO - Требовали обновления: 3
2026-01-29 21:29:52,012 - INFO - Всего запросов к API: 3
2026-01-29 21:29:52,012 - INFO - 
2026-01-29 21:29:52,012 - INFO - === СТАТИСТИКА ===
2026-01-29 21:29:52,012 - INFO - Успешно обновлены: 3 пар
2026-01-29 21:29:52,012 - INFO - Уже актуальны: 0 пар
2026-01-29 21:29:52,012 - INFO - Нет новых данных: 0 пар
2026-01-29 21:29:52,012 - INFO - Ошибки загрузки: 0 пар
2026-01-29 21:29:52,012 - INFO - Нет локальных данных: 0 пар
2026-01-29 21:29:52,012 - INFO - Нет последней даты: 0 пар
2026-01-29 21:29:52,012 - INFO - 
2026-01-29 21:29:52,012 - INFO - Всего существующих записей: 17125
2026-01-29 21:29:52,012 - INFO - Всего новых записей: 69
2026-01-29 21:29:52,015 - INFO - 
2026-01-29 21:29:52,015 - INFO - Лог сохранен: C:\Users\prog\YandexDisk\prog\abscur3\scripts\daily_update\logs\update_20260129_212948.log
2026-01-29 21:29:52,015 - INFO - Состояние обновления сохранено в C:\Users\prog\YandexDisk\prog\abscur3\data\metadata\update_state.json
