2026-01-29 21:41:53,989 - INFO - ============================================================
2026-01-29 21:41:53,989 - INFO - ЗАПУСК ИНКРЕМЕНТАЛЬНОГО ОБНОВЛЕНИЯ 2026-01-29 21:41:53
2026-01-29 21:41:53,989 - INFO - Корень проекта: C:\Users\prog\YandexDisk\prog\abscur3
2026-01-29 21:41:53,989 - INFO - Логи будут сохранены в: C:\Users\prog\YandexDisk\prog\abscur3\scripts\daily_update\logs\update_20260129_214153.log
2026-01-29 21:41:53,989 - INFO - Файл состояния: C:\Users\prog\YandexDisk\prog\abscur3\data\metadata\update_state.json
2026-01-29 21:41:53,989 - INFO - Загружено 10 валютных пар
2026-01-29 21:41:53,989 - INFO - Список пар случайно перемешан
2026-01-29 21:41:53,989 - INFO - Предварительная проверка пар...
2026-01-29 21:41:54,320 - INFO - Из 10 пар требуется обновление для 10
2026-01-29 21:41:54,320 - INFO - Начинаю обработку 10 пар в 2 батчах по 7
2026-01-29 21:41:54,320 - INFO - Ожидаемое время: ~2 минут
2026-01-29 21:41:54,320 - INFO - --- Батч 1/2 ---
2026-01-29 21:41:54,320 - INFO - --- Начинаю обновление для EUR/JPY ---
2026-01-29 21:41:54,798 - INFO - Сохранено 12034 записей для EUR/JPY: добавлено 23 новых, обновлено 6 существующих
2026-01-29 21:41:54,798 - INFO - Обновление EUR/JPY завершено: добавлено 23 новых записей
2026-01-29 21:41:54,798 - INFO - --- Начинаю обновление для NZD/USD ---
2026-01-29 21:41:55,198 - INFO - Сохранено 9958 записей для NZD/USD: добавлено 23 новых, обновлено 6 существующих
2026-01-29 21:41:55,198 - INFO - Обновление NZD/USD завершено: добавлено 23 новых записей
2026-01-29 21:41:55,198 - INFO - --- Начинаю обновление для USD/CHF ---
2026-01-29 21:41:55,610 - INFO - Сохранено 9943 записей для USD/CHF: добавлено 23 новых, обновлено 6 существующих
2026-01-29 21:41:55,610 - INFO - Обновление USD/CHF завершено: добавлено 23 новых записей
2026-01-29 21:41:55,610 - INFO - --- Начинаю обновление для GBP/USD ---
2026-01-29 21:41:55,998 - INFO - Сохранено 5804 записей для GBP/USD: добавлено 0 новых, обновлено 6 существующих
2026-01-29 21:41:55,998 - INFO - Обновление GBP/USD завершено: добавлено 0 новых записей
2026-01-29 21:41:56,001 - INFO - --- Начинаю обновление для USD/JPY ---
2026-01-29 21:41:56,414 - INFO - Сохранено 9937 записей для USD/JPY: добавлено 23 новых, обновлено 6 существующих
2026-01-29 21:41:56,416 - INFO - Обновление USD/JPY завершено: добавлено 23 новых записей
2026-01-29 21:41:56,416 - INFO - --- Начинаю обновление для EUR/GBP ---
2026-01-29 21:41:56,848 - INFO - Сохранено 10429 записей для EUR/GBP: добавлено 23 новых, обновлено 6 существующих
2026-01-29 21:41:56,849 - INFO - Обновление EUR/GBP завершено: добавлено 23 новых записей
2026-01-29 21:41:56,849 - INFO - --- Начинаю обновление для USD/CAD ---
2026-01-29 21:41:57,260 - INFO - Сохранено 11519 записей для USD/CAD: добавлено 23 новых, обновлено 6 существующих
2026-01-29 21:41:57,265 - INFO - Обновление USD/CAD завершено: добавлено 23 новых записей
2026-01-29 21:41:57,265 - INFO - Батч 1 обработан за 2.9 сек.
2026-01-29 21:41:57,265 - INFO - Ожидание 3 сек. до следующей минуты...
2026-01-29 21:42:00,376 - INFO - --- Батч 2/2 ---
2026-01-29 21:42:00,377 - INFO - --- Начинаю обновление для AUD/USD ---
2026-01-29 21:42:00,428 - INFO - Достигнут лимит 7 запр/мин. Пауза 54.9 сек.
2026-01-29 21:42:55,815 - INFO - Сохранено 12024 записей для AUD/USD: добавлено 23 новых, обновлено 6 существующих
2026-01-29 21:42:55,815 - INFO - Обновление AUD/USD завершено: добавлено 23 новых записей
2026-01-29 21:42:55,815 - INFO - --- Начинаю обновление для EUR/USD ---
2026-01-29 21:42:56,181 - INFO - Сохранено 5781 записей для EUR/USD: добавлено 0 новых, обновлено 6 существующих
2026-01-29 21:42:56,183 - INFO - Обновление EUR/USD завершено: добавлено 0 новых записей
2026-01-29 21:42:56,183 - INFO - --- Начинаю обновление для USD/RUB ---
2026-01-29 21:42:56,519 - INFO - Сохранено 5609 записей для USD/RUB: добавлено 0 новых, обновлено 6 существующих
2026-01-29 21:42:56,519 - INFO - Обновление USD/RUB завершено: добавлено 0 новых записей
2026-01-29 21:42:56,521 - INFO - Батч 2 обработан за 56.1 сек.
2026-01-29 21:42:56,521 - INFO - ============================================================
2026-01-29 21:42:56,521 - INFO - ИНКРЕМЕНТАЛЬНОЕ ОБНОВЛЕНИЕ ЗАВЕРШЕНО
2026-01-29 21:42:56,521 - INFO - Всего обработано пар: 10
2026-01-29 21:42:56,521 - INFO - Требовали обновления: 10
2026-01-29 21:42:56,521 - INFO - Всего запросов к API: 10
2026-01-29 21:42:56,521 - INFO - 
2026-01-29 21:42:56,521 - INFO - === СТАТИСТИКА ===
2026-01-29 21:42:56,521 - INFO - Успешно обновлены: 10 пар
2026-01-29 21:42:56,521 - INFO - Уже актуальны: 0 пар
2026-01-29 21:42:56,521 - INFO - Нет новых данных: 0 пар
2026-01-29 21:42:56,521 - INFO - Ошибки загрузки: 0 пар
2026-01-29 21:42:56,521 - INFO - Нет локальных данных: 0 пар
2026-01-29 21:42:56,521 - INFO - Нет последней даты: 0 пар
2026-01-29 21:42:56,521 - INFO - 
2026-01-29 21:42:56,521 - INFO - Всего существующих записей: 92877
2026-01-29 21:42:56,521 - INFO - Всего новых записей: 161
2026-01-29 21:42:56,521 - INFO - 
2026-01-29 21:42:56,521 - INFO - Лог сохранен: C:\Users\prog\YandexDisk\prog\abscur3\scripts\daily_update\logs\update_20260129_214153.log
2026-01-29 21:42:56,525 - INFO - Состояние обновления сохранено в C:\Users\prog\YandexDisk\prog\abscur3\data\metadata\update_state.json
