2026-01-29 21:52:01,643 - INFO - ============================================================
2026-01-29 21:52:01,643 - INFO - ЗАПУСК ИНКРЕМЕНТАЛЬНОГО ОБНОВЛЕНИЯ 2026-01-29 21:52:01
2026-01-29 21:52:01,643 - INFO - Корень проекта: C:\Users\prog\YandexDisk\prog\abscur3
2026-01-29 21:52:01,643 - INFO - Логи будут сохранены в: C:\Users\prog\YandexDisk\prog\abscur3\scripts\daily_update\logs\update_20260129_215201.log
2026-01-29 21:52:01,643 - INFO - Файл состояния: C:\Users\prog\YandexDisk\prog\abscur3\data\metadata\update_state.json
2026-01-29 21:52:01,646 - INFO - Загружено 287 пар из конфигурационного файла
2026-01-29 21:52:01,646 - INFO - ТЕСТОВЫЙ РЕЖИМ: выбрано 10 случайных пар:
2026-01-29 21:52:01,646 - INFO -   1. GBP/CAD
2026-01-29 21:52:01,649 - INFO -   2. BHD/INR
2026-01-29 21:52:01,649 - INFO -   3. USD/AED
2026-01-29 21:52:01,649 - INFO -   4. SDR/RUB
2026-01-29 21:52:01,649 - INFO -   5. NZD/USD
2026-01-29 21:52:01,649 - INFO -   6. IDR/CHF
2026-01-29 21:52:01,649 - INFO -   7. EUR/TJS
2026-01-29 21:52:01,649 - INFO -   8. USD/XPF
2026-01-29 21:52:01,649 - INFO -   9. EUR/AZN
2026-01-29 21:52:01,651 - INFO -   10. USD/MKD
2026-01-29 21:52:01,651 - INFO - Загружено 10 валютных пар
2026-01-29 21:52:01,651 - INFO - Список пар случайно перемешан
2026-01-29 21:52:01,651 - INFO - Предварительная проверка пар...
2026-01-29 21:52:02,006 - INFO - Из 10 пар требуется обновление для 10
2026-01-29 21:52:02,006 - INFO - Начинаю обработку 10 пар в 2 батчах по 7
2026-01-29 21:52:02,007 - INFO - Ожидаемое время: ~2 минут
2026-01-29 21:52:02,007 - INFO - --- Батч 1/2 ---
2026-01-29 21:52:02,007 - INFO - --- Начинаю обновление для IDR/CHF ---
2026-01-29 21:52:02,018 - INFO - Диапазон обновления для IDR/CHF: 2025-12-29 → 2026-01-28
2026-01-29 21:52:03,686 - INFO - Сохранено 4652 записей для IDR/CHF: добавлено 23 новых, обновлено 6 существующих
2026-01-29 21:52:03,688 - INFO - Обновление IDR/CHF завершено: добавлено 23 новых записей
2026-01-29 21:52:03,688 - INFO - --- Начинаю обновление для SDR/RUB ---
2026-01-29 21:52:03,699 - INFO - Диапазон обновления для SDR/RUB: 2025-12-29 → 2026-01-28
2026-01-29 21:52:05,371 - INFO - Сохранено 4699 записей для SDR/RUB: добавлено 20 новых, обновлено 6 существующих
2026-01-29 21:52:05,371 - INFO - Обновление SDR/RUB завершено: добавлено 20 новых записей
2026-01-29 21:52:05,376 - INFO - --- Начинаю обновление для USD/AED ---
2026-01-29 21:52:05,390 - INFO - Диапазон обновления для USD/AED: 2025-12-29 → 2026-01-28
2026-01-29 21:52:06,551 - INFO - Сохранено 9100 записей для USD/AED: добавлено 23 новых, обновлено 6 существующих
2026-01-29 21:52:06,551 - INFO - Обновление USD/AED завершено: добавлено 23 новых записей
2026-01-29 21:52:06,551 - INFO - --- Начинаю обновление для EUR/AZN ---
2026-01-29 21:52:06,573 - INFO - Диапазон обновления для EUR/AZN: 2025-12-29 → 2026-01-28
2026-01-29 21:52:06,936 - INFO - Сохранено 6471 записей для EUR/AZN: добавлено 23 новых, обновлено 6 существующих
2026-01-29 21:52:06,936 - INFO - Обновление EUR/AZN завершено: добавлено 23 новых записей
2026-01-29 21:52:06,936 - INFO - --- Начинаю обновление для NZD/USD ---
2026-01-29 21:52:06,964 - INFO - Диапазон обновления для NZD/USD: 2026-01-22 → 2026-01-28
2026-01-29 21:52:07,398 - INFO - Сохранено 9958 записей для NZD/USD: добавлено 0 новых, обновлено 6 существующих
2026-01-29 21:52:07,398 - INFO - Обновление NZD/USD завершено: добавлено 0 новых записей
2026-01-29 21:52:07,398 - INFO - --- Начинаю обновление для EUR/TJS ---
2026-01-29 21:52:07,411 - INFO - Диапазон обновления для EUR/TJS: 2025-12-29 → 2026-01-28
2026-01-29 21:52:07,831 - INFO - Сохранено 4958 записей для EUR/TJS: добавлено 23 новых, обновлено 6 существующих
2026-01-29 21:52:07,832 - INFO - Обновление EUR/TJS завершено: добавлено 23 новых записей
2026-01-29 21:52:07,832 - INFO - --- Начинаю обновление для USD/XPF ---
2026-01-29 21:52:07,846 - INFO - Диапазон обновления для USD/XPF: 2025-12-29 → 2026-01-28
2026-01-29 21:52:08,245 - INFO - Сохранено 5797 записей для USD/XPF: добавлено 23 новых, обновлено 6 существующих
2026-01-29 21:52:08,246 - INFO - Обновление USD/XPF завершено: добавлено 23 новых записей
2026-01-29 21:52:08,247 - INFO - Батч 1 обработан за 6.2 сек.
2026-01-29 21:52:08,247 - INFO - Ожидание 52 сек. до следующей минуты...
2026-01-29 21:53:00,360 - INFO - --- Батч 2/2 ---
2026-01-29 21:53:00,363 - INFO - --- Начинаю обновление для BHD/INR ---
2026-01-29 21:53:00,403 - INFO - Диапазон обновления для BHD/INR: 2025-12-29 → 2026-01-28
2026-01-29 21:53:00,403 - INFO - Достигнут лимит 7 запр/мин. Пауза 2.6 сек.
2026-01-29 21:53:13,098 - ERROR - Сетевая ошибка (попытка 1): HTTPSConnectionPool(host='api.twelvedata.com', port=443): Max retries exceeded with url: /time_series?apikey=4a96cca4d94a4154a56c61e233dae7be&symbol=BHD%2FINR&interval=1day&start_date=2025-12-29&end_date=2026-01-28&order=asc (Caused by NameResolutionError("HTTPSConnection(host='api.twelvedata.com', port=443): Failed to resolve 'api.twelvedata.com' ([Errno 11002] getaddrinfo failed)"))
2026-01-29 21:53:28,171 - ERROR - Сетевая ошибка (попытка 2): HTTPSConnectionPool(host='api.twelvedata.com', port=443): Max retries exceeded with url: /time_series?apikey=4a96cca4d94a4154a56c61e233dae7be&symbol=BHD%2FINR&interval=1day&start_date=2025-12-29&end_date=2026-01-28&order=asc (Caused by NameResolutionError("HTTPSConnection(host='api.twelvedata.com', port=443): Failed to resolve 'api.twelvedata.com' ([Errno 11002] getaddrinfo failed)"))
2026-01-29 21:53:44,244 - ERROR - Сетевая ошибка (попытка 3): HTTPSConnectionPool(host='api.twelvedata.com', port=443): Max retries exceeded with url: /time_series?apikey=4a96cca4d94a4154a56c61e233dae7be&symbol=BHD%2FINR&interval=1day&start_date=2025-12-29&end_date=2026-01-28&order=asc (Caused by NameResolutionError("HTTPSConnection(host='api.twelvedata.com', port=443): Failed to resolve 'api.twelvedata.com' ([Errno 11002] getaddrinfo failed)"))
2026-01-29 21:53:44,245 - ERROR - Не удалось загрузить данные для BHD/INR
2026-01-29 21:53:44,245 - INFO - --- Начинаю обновление для USD/MKD ---
2026-01-29 21:53:44,283 - INFO - Диапазон обновления для USD/MKD: 2025-12-29 → 2026-01-28
2026-01-29 21:53:44,286 - ERROR - Сетевая ошибка (попытка 1): HTTPSConnectionPool(host='api.twelvedata.com', port=443): Max retries exceeded with url: /time_series?apikey=4a96cca4d94a4154a56c61e233dae7be&symbol=USD%2FMKD&interval=1day&start_date=2025-12-29&end_date=2026-01-28&order=asc (Caused by NameResolutionError("HTTPSConnection(host='api.twelvedata.com', port=443): Failed to resolve 'api.twelvedata.com' ([Errno 11001] getaddrinfo failed)"))
2026-01-29 21:53:49,758 - INFO - Сохранено 6994 записей для USD/MKD: добавлено 23 новых, обновлено 6 существующих
2026-01-29 21:53:49,758 - INFO - Обновление USD/MKD завершено: добавлено 23 новых записей
2026-01-29 21:53:49,758 - INFO - --- Начинаю обновление для GBP/CAD ---
2026-01-29 21:53:49,788 - INFO - Диапазон обновления для GBP/CAD: 2025-12-29 → 2026-01-28
2026-01-29 21:53:50,202 - INFO - Сохранено 12026 записей для GBP/CAD: добавлено 23 новых, обновлено 6 существующих
2026-01-29 21:53:50,202 - INFO - Обновление GBP/CAD завершено: добавлено 23 новых записей
2026-01-29 21:53:50,202 - INFO - Батч 2 обработан за 49.8 сек.
2026-01-29 21:53:50,202 - INFO - ============================================================
2026-01-29 21:53:50,202 - INFO - ИНКРЕМЕНТАЛЬНОЕ ОБНОВЛЕНИЕ ЗАВЕРШЕНО
2026-01-29 21:53:50,202 - INFO - Всего обработано пар: 10
2026-01-29 21:53:50,202 - INFO - Требовали обновления: 10
2026-01-29 21:53:50,202 - INFO - Всего запросов к API: 10
2026-01-29 21:53:50,202 - INFO - 
2026-01-29 21:53:50,202 - INFO - === СТАТИСТИКА ===
2026-01-29 21:53:50,202 - INFO - Успешно обновлены: 9 пар
2026-01-29 21:53:50,202 - INFO - Уже актуальны: 0 пар
2026-01-29 21:53:50,202 - INFO - Нет новых данных: 0 пар
2026-01-29 21:53:50,209 - INFO - Ошибки загрузки: 1 пар
2026-01-29 21:53:50,209 - INFO - Нет локальных данных: 0 пар
2026-01-29 21:53:50,209 - INFO - Нет последней даты: 0 пар
2026-01-29 21:53:50,209 - INFO - 
2026-01-29 21:53:50,209 - INFO - Всего существующих записей: 72689
2026-01-29 21:53:50,209 - INFO - Всего новых записей: 181
2026-01-29 21:53:50,209 - INFO - 
2026-01-29 21:53:50,209 - INFO - Лог сохранен: C:\Users\prog\YandexDisk\prog\abscur3\scripts\daily_update\logs\update_20260129_215201.log
2026-01-29 21:53:50,210 - INFO - Состояние обновления сохранено в C:\Users\prog\YandexDisk\prog\abscur3\data\metadata\update_state.json
