2026-01-29 21:45:18,659 - INFO - ============================================================
2026-01-29 21:45:18,659 - INFO - ЗАПУСК ИНКРЕМЕНТАЛЬНОГО ОБНОВЛЕНИЯ 2026-01-29 21:45:18
2026-01-29 21:45:18,659 - INFO - Корень проекта: C:\Users\prog\YandexDisk\prog\abscur3
2026-01-29 21:45:18,663 - INFO - Логи будут сохранены в: C:\Users\prog\YandexDisk\prog\abscur3\scripts\daily_update\logs\update_20260129_214518.log
2026-01-29 21:45:18,665 - INFO - Файл состояния: C:\Users\prog\YandexDisk\prog\abscur3\data\metadata\update_state.json
2026-01-29 21:45:18,666 - INFO - Загружено 10 валютных пар
2026-01-29 21:45:18,667 - INFO - Список пар случайно перемешан
2026-01-29 21:45:18,668 - INFO - Предварительная проверка пар...
2026-01-29 21:45:18,887 - INFO - Из 10 пар требуется обновление для 10
2026-01-29 21:45:18,888 - INFO - Начинаю обработку 10 пар в 2 батчах по 7
2026-01-29 21:45:18,888 - INFO - Ожидаемое время: ~2 минут
2026-01-29 21:45:18,888 - INFO - --- Батч 1/2 ---
2026-01-29 21:45:18,888 - INFO - --- Начинаю обновление для EUR/JPY ---
2026-01-29 21:45:18,917 - INFO - Диапазон обновления для EUR/JPY: 2026-01-22 → 2026-01-28
2026-01-29 21:45:19,348 - INFO - Сохранено 12034 записей для EUR/JPY: добавлено 0 новых, обновлено 6 существующих
2026-01-29 21:45:19,360 - INFO - Обновление EUR/JPY завершено: добавлено 0 новых записей
2026-01-29 21:45:19,360 - INFO - --- Начинаю обновление для NZD/USD ---
2026-01-29 21:45:19,383 - INFO - Диапазон обновления для NZD/USD: 2026-01-22 → 2026-01-28
2026-01-29 21:45:19,880 - INFO - Сохранено 9958 записей для NZD/USD: добавлено 0 новых, обновлено 6 существующих
2026-01-29 21:45:19,881 - INFO - Обновление NZD/USD завершено: добавлено 0 новых записей
2026-01-29 21:45:19,883 - INFO - --- Начинаю обновление для AUD/USD ---
2026-01-29 21:45:19,908 - INFO - Диапазон обновления для AUD/USD: 2026-01-22 → 2026-01-28
2026-01-29 21:45:21,089 - INFO - Сохранено 12024 записей для AUD/USD: добавлено 0 новых, обновлено 6 существующих
2026-01-29 21:45:21,091 - INFO - Обновление AUD/USD завершено: добавлено 0 новых записей
2026-01-29 21:45:21,091 - INFO - --- Начинаю обновление для USD/CAD ---
2026-01-29 21:45:21,117 - INFO - Диапазон обновления для USD/CAD: 2026-01-22 → 2026-01-28
2026-01-29 21:45:21,583 - INFO - Сохранено 11519 записей для USD/CAD: добавлено 0 новых, обновлено 6 существующих
2026-01-29 21:45:21,584 - INFO - Обновление USD/CAD завершено: добавлено 0 новых записей
2026-01-29 21:45:21,584 - INFO - --- Начинаю обновление для GBP/USD ---
2026-01-29 21:45:21,592 - INFO - Диапазон обновления для GBP/USD: 2026-01-22 → 2026-01-28
2026-01-29 21:45:21,972 - INFO - Сохранено 5804 записей для GBP/USD: добавлено 0 новых, обновлено 6 существующих
2026-01-29 21:45:21,972 - INFO - Обновление GBP/USD завершено: добавлено 0 новых записей
2026-01-29 21:45:21,982 - INFO - --- Начинаю обновление для USD/JPY ---
2026-01-29 21:45:22,005 - INFO - Диапазон обновления для USD/JPY: 2026-01-22 → 2026-01-28
2026-01-29 21:45:22,356 - INFO - Сохранено 9937 записей для USD/JPY: добавлено 0 новых, обновлено 6 существующих
2026-01-29 21:45:22,358 - INFO - Обновление USD/JPY завершено: добавлено 0 новых записей
2026-01-29 21:45:22,359 - INFO - --- Начинаю обновление для USD/CHF ---
2026-01-29 21:45:22,382 - INFO - Диапазон обновления для USD/CHF: 2026-01-22 → 2026-01-28
2026-01-29 21:45:22,752 - INFO - Сохранено 9943 записей для USD/CHF: добавлено 0 новых, обновлено 6 существующих
2026-01-29 21:45:22,758 - INFO - Обновление USD/CHF завершено: добавлено 0 новых записей
2026-01-29 21:45:22,758 - INFO - Батч 1 обработан за 3.9 сек.
2026-01-29 21:45:22,758 - INFO - Ожидание 38 сек. до следующей минуты...
2026-01-29 21:46:00,864 - INFO - --- Батч 2/2 ---
2026-01-29 21:46:00,864 - INFO - --- Начинаю обновление для EUR/GBP ---
2026-01-29 21:46:00,906 - INFO - Диапазон обновления для EUR/GBP: 2026-01-22 → 2026-01-28
2026-01-29 21:46:00,907 - INFO - Достигнут лимит 7 запр/мин. Пауза 19.0 сек.
2026-01-29 21:46:20,356 - INFO - Сохранено 10429 записей для EUR/GBP: добавлено 0 новых, обновлено 6 существующих
2026-01-29 21:46:20,359 - INFO - Обновление EUR/GBP завершено: добавлено 0 новых записей
2026-01-29 21:46:20,359 - INFO - --- Начинаю обновление для USD/RUB ---
2026-01-29 21:46:20,374 - INFO - Диапазон обновления для USD/RUB: 2026-01-22 → 2026-01-28
2026-01-29 21:46:20,738 - INFO - Сохранено 5609 записей для USD/RUB: добавлено 0 новых, обновлено 6 существующих
2026-01-29 21:46:20,739 - INFO - Обновление USD/RUB завершено: добавлено 0 новых записей
2026-01-29 21:46:20,740 - INFO - --- Начинаю обновление для EUR/USD ---
2026-01-29 21:46:20,757 - INFO - Диапазон обновления для EUR/USD: 2026-01-22 → 2026-01-28
2026-01-29 21:46:21,137 - INFO - Сохранено 5781 записей для EUR/USD: добавлено 0 новых, обновлено 6 существующих
2026-01-29 21:46:21,138 - INFO - Обновление EUR/USD завершено: добавлено 0 новых записей
2026-01-29 21:46:21,139 - INFO - Батч 2 обработан за 20.3 сек.
2026-01-29 21:46:21,139 - INFO - ============================================================
2026-01-29 21:46:21,140 - INFO - ИНКРЕМЕНТАЛЬНОЕ ОБНОВЛЕНИЕ ЗАВЕРШЕНО
2026-01-29 21:46:21,140 - INFO - Всего обработано пар: 10
2026-01-29 21:46:21,141 - INFO - Требовали обновления: 10
2026-01-29 21:46:21,141 - INFO - Всего запросов к API: 10
2026-01-29 21:46:21,141 - INFO - 
2026-01-29 21:46:21,142 - INFO - === СТАТИСТИКА ===
2026-01-29 21:46:21,142 - INFO - Успешно обновлены: 10 пар
2026-01-29 21:46:21,143 - INFO - Уже актуальны: 0 пар
2026-01-29 21:46:21,143 - INFO - Нет новых данных: 0 пар
2026-01-29 21:46:21,143 - INFO - Ошибки загрузки: 0 пар
2026-01-29 21:46:21,144 - INFO - Нет локальных данных: 0 пар
2026-01-29 21:46:21,144 - INFO - Нет последней даты: 0 пар
2026-01-29 21:46:21,145 - INFO - 
2026-01-29 21:46:21,145 - INFO - Всего существующих записей: 93038
2026-01-29 21:46:21,145 - INFO - Всего новых записей: 0
2026-01-29 21:46:21,146 - INFO - 
2026-01-29 21:46:21,146 - INFO - Лог сохранен: C:\Users\prog\YandexDisk\prog\abscur3\scripts\daily_update\logs\update_20260129_214518.log
2026-01-29 21:46:21,149 - INFO - Состояние обновления сохранено в C:\Users\prog\YandexDisk\prog\abscur3\data\metadata\update_state.json
